> Task :gemini-multimodal-websocket-demo:preBuild UP-TO-DATE
> Task :gemini-multimodal-websocket-demo:preDebugBuild UP-TO-DATE
> Task :gemini-multimodal-websocket-demo:mergeDebugNativeDebugMetadata NO-SOURCE
> Task :gemini-multimodal-websocket-demo:checkKotlinGradlePluginConfigurationErrors SKIPPED
> Task :gemini-multimodal-websocket-demo:generateDebugBuildConfig UP-TO-DATE
> Task :gemini-multimodal-websocket-demo:checkDebugAarMetadata UP-TO-DATE
> Task :gemini-multimodal-websocket-demo:generateDebugResValues UP-TO-DATE
> Task :gemini-multimodal-websocket-demo:mapDebugSourceSetPaths UP-TO-DATE
> Task :gemini-multimodal-websocket-demo:generateDebugResources UP-TO-DATE
> Task :gemini-multimodal-websocket-demo:mergeDebugResources UP-TO-DATE
> Task :gemini-multimodal-websocket-demo:packageDebugResources UP-TO-DATE
> Task :gemini-multimodal-websocket-demo:parseDebugLocalResources UP-TO-DATE
> Task :gemini-multimodal-websocket-demo:createDebugCompatibleScreenManifests UP-TO-DATE
> Task :gemini-multimodal-websocket-demo:extractDeepLinksDebug UP-TO-DATE
> Task :gemini-multimodal-websocket-demo:processDebugMainManifest UP-TO-DATE
> Task :gemini-multimodal-websocket-demo:processDebugManifest UP-TO-DATE
> Task :gemini-multimodal-websocket-demo:processDebugManifestForPackage UP-TO-DATE
> Task :gemini-multimodal-websocket-demo:processDebugResources UP-TO-DATE
> Task :gemini-multimodal-websocket-demo:javaPreCompileDebug UP-TO-DATE
> Task :gemini-multimodal-websocket-demo:mergeDebugShaders UP-TO-DATE
> Task :gemini-multimodal-websocket-demo:compileDebugShaders NO-SOURCE
> Task :gemini-multimodal-websocket-demo:generateDebugAssets UP-TO-DATE
> Task :gemini-multimodal-websocket-demo:mergeDebugAssets UP-TO-DATE
> Task :gemini-multimodal-websocket-demo:compressDebugAssets UP-TO-DATE
> Task :gemini-multimodal-websocket-demo:checkDebugDuplicateClasses UP-TO-DATE
> Task :gemini-multimodal-websocket-demo:desugarDebugFileDependencies UP-TO-DATE
> Task :gemini-multimodal-websocket-demo:mergeDebugStartupProfile UP-TO-DATE
> Task :gemini-multimodal-websocket-demo:mergeExtDexDebug UP-TO-DATE
> Task :gemini-multimodal-websocket-demo:mergeLibDexDebug UP-TO-DATE
> Task :gemini-multimodal-websocket-demo:mergeDebugJniLibFolders UP-TO-DATE
> Task :gemini-multimodal-websocket-demo:mergeDebugNativeLibs UP-TO-DATE
> Task :gemini-multimodal-websocket-demo:stripDebugDebugSymbols UP-TO-DATE
> Task :gemini-multimodal-websocket-demo:validateSigningDebug UP-TO-DATE
> Task :gemini-multimodal-websocket-demo:writeDebugAppMetadata UP-TO-DATE
> Task :gemini-multimodal-websocket-demo:writeDebugSigningConfigVersions UP-TO-DATE
> Task :gemini-multimodal-websocket-demo:kspDebugKotlin
> Task :gemini-multimodal-websocket-demo:compileDebugKotlin

> Task :gemini-multimodal-websocket-demo:compileDebugJavaWithJavac UP-TO-DATE
Java compiler version 21 has deprecated support for compiling with source/target version 8.
Try one of the following options:
    1. [Recommended] Use Java toolchain with a lower language version
    2. Set a higher source/target version
    3. Use a lower version of the JDK running the build (if you're not using Java toolchain)
For more details on how to configure these settings, see https://developer.android.com/build/jdks.
To suppress this warning, set android.javaCompile.suppressSourceTargetDeprecationWarning=true in gradle.properties.

> Task :gemini-multimodal-websocket-demo:processDebugJavaRes UP-TO-DATE
> Task :gemini-multimodal-websocket-demo:mergeDebugJavaResource UP-TO-DATE
> Task :gemini-multimodal-websocket-demo:dexBuilderDebug
> Task :gemini-multimodal-websocket-demo:mergeProjectDexDebug
> Task :gemini-multimodal-websocket-demo:packageDebug
> Task :gemini-multimodal-websocket-demo:createDebugApkListingFileRedirect UP-TO-DATE
> Task :gemini-multimodal-websocket-demo:assembleDebug

BUILD SUCCESSFUL in 4s
38 actionable tasks: 5 executed, 33 up-to-date
