> Task :gemini-multimodal-websocket-demo:checkKotlinGradlePluginConfigurationErrors SKIPPED
> Task :gemini-multimodal-websocket-demo:preBuild UP-TO-DATE
> Task :gemini-multimodal-websocket-demo:preDebugBuild UP-TO-DATE
> Task :gemini-multimodal-websocket-demo:generateDebugBuildConfig UP-TO-DATE
> Task :gemini-multimodal-websocket-demo:checkDebugAarMetadata UP-TO-DATE
> Task :gemini-multimodal-websocket-demo:generateDebugResValues UP-TO-DATE
> Task :gemini-multimodal-websocket-demo:mapDebugSourceSetPaths UP-TO-DATE
> Task :gemini-multimodal-websocket-demo:generateDebugResources UP-TO-DATE
> Task :gemini-multimodal-websocket-demo:mergeDebugResources UP-TO-DATE
> Task :gemini-multimodal-websocket-demo:packageDebugResources UP-TO-DATE
> Task :gemini-multimodal-websocket-demo:parseDebugLocalResources UP-TO-DATE
> Task :gemini-multimodal-websocket-demo:createDebugCompatibleScreenManifests UP-TO-DATE
> Task :gemini-multimodal-websocket-demo:extractDeepLinksDebug UP-TO-DATE
> Task :gemini-multimodal-websocket-demo:processDebugMainManifest UP-TO-DATE
> Task :gemini-multimodal-websocket-demo:processDebugManifest UP-TO-DATE
> Task :gemini-multimodal-websocket-demo:processDebugManifestForPackage UP-TO-DATE
> Task :gemini-multimodal-websocket-demo:processDebugResources UP-TO-DATE
> Task :gemini-multimodal-websocket-demo:kspDebugKotlin UP-TO-DATE
> Task :gemini-multimodal-websocket-demo:compileDebugKotlin UP-TO-DATE
> Task :gemini-multimodal-websocket-demo:javaPreCompileDebug UP-TO-DATE
> Task :gemini-multimodal-websocket-demo:compileDebugJavaWithJavac UP-TO-DATE
> Task :gemini-multimodal-websocket-demo:bundleDebugClassesToRuntimeJar UP-TO-DATE
> Task :gemini-multimodal-websocket-demo:bundleDebugClassesToCompileJar UP-TO-DATE
> Task :gemini-multimodal-websocket-demo:kspDebugUnitTestKotlin UP-TO-DATE
> Task :gemini-multimodal-websocket-demo:compileDebugUnitTestKotlin UP-TO-DATE
> Task :gemini-multimodal-websocket-demo:preDebugUnitTestBuild UP-TO-DATE
> Task :gemini-multimodal-websocket-demo:javaPreCompileDebugUnitTest UP-TO-DATE
> Task :gemini-multimodal-websocket-demo:compileDebugUnitTestJavaWithJavac NO-SOURCE
> Task :gemini-multimodal-websocket-demo:processDebugJavaRes UP-TO-DATE
> Task :gemini-multimodal-websocket-demo:processDebugUnitTestJavaRes UP-TO-DATE
> Task :gemini-multimodal-websocket-demo:testDebugUnitTest UP-TO-DATE
> Task :gemini-multimodal-websocket-demo:buildKotlinToolingMetadata UP-TO-DATE
> Task :gemini-multimodal-websocket-demo:preReleaseBuild UP-TO-DATE
> Task :gemini-multimodal-websocket-demo:generateReleaseBuildConfig UP-TO-DATE
> Task :gemini-multimodal-websocket-demo:checkReleaseAarMetadata UP-TO-DATE
> Task :gemini-multimodal-websocket-demo:generateReleaseResValues UP-TO-DATE
> Task :gemini-multimodal-websocket-demo:mapReleaseSourceSetPaths UP-TO-DATE
> Task :gemini-multimodal-websocket-demo:generateReleaseResources UP-TO-DATE
> Task :gemini-multimodal-websocket-demo:mergeReleaseResources UP-TO-DATE
> Task :gemini-multimodal-websocket-demo:packageReleaseResources UP-TO-DATE
> Task :gemini-multimodal-websocket-demo:parseReleaseLocalResources UP-TO-DATE
> Task :gemini-multimodal-websocket-demo:createReleaseCompatibleScreenManifests UP-TO-DATE
> Task :gemini-multimodal-websocket-demo:extractDeepLinksRelease UP-TO-DATE
> Task :gemini-multimodal-websocket-demo:processReleaseMainManifest UP-TO-DATE
> Task :gemini-multimodal-websocket-demo:processReleaseManifest UP-TO-DATE
> Task :gemini-multimodal-websocket-demo:processReleaseManifestForPackage UP-TO-DATE
> Task :gemini-multimodal-websocket-demo:processReleaseResources UP-TO-DATE
> Task :gemini-multimodal-websocket-demo:kspReleaseKotlin UP-TO-DATE
> Task :gemini-multimodal-websocket-demo:compileReleaseKotlin UP-TO-DATE
> Task :gemini-multimodal-websocket-demo:javaPreCompileRelease UP-TO-DATE
> Task :gemini-multimodal-websocket-demo:compileReleaseJavaWithJavac UP-TO-DATE
> Task :gemini-multimodal-websocket-demo:bundleReleaseClassesToRuntimeJar UP-TO-DATE
> Task :gemini-multimodal-websocket-demo:bundleReleaseClassesToCompileJar UP-TO-DATE
> Task :gemini-multimodal-websocket-demo:kspReleaseUnitTestKotlin UP-TO-DATE
> Task :gemini-multimodal-websocket-demo:compileReleaseUnitTestKotlin UP-TO-DATE
> Task :gemini-multimodal-websocket-demo:preReleaseUnitTestBuild UP-TO-DATE
> Task :gemini-multimodal-websocket-demo:javaPreCompileReleaseUnitTest UP-TO-DATE
> Task :gemini-multimodal-websocket-demo:compileReleaseUnitTestJavaWithJavac NO-SOURCE
> Task :gemini-multimodal-websocket-demo:processReleaseJavaRes UP-TO-DATE
> Task :gemini-multimodal-websocket-demo:processReleaseUnitTestJavaRes UP-TO-DATE
> Task :gemini-multimodal-websocket-demo:testReleaseUnitTest UP-TO-DATE
> Task :gemini-multimodal-websocket-demo:test UP-TO-DATE

BUILD SUCCESSFUL in 9s
53 actionable tasks: 53 up-to-date
